// Jest Snapshot v1, https://goo.gl/fbAQLP

exports[`Product list Snapshot  renders Correctly 1`] = `<Product />`;
